// Jest Snapshot v1, https://goo.gl/fbAQLP

exports[`Todo component tests should render a Todo component 1`] = `
<div
  className="clear"
  style={
    Object {
      "margin": "10px 0",
    }
  }
>
  <TodoStyled
    className="float-left"
  >
    Test the task
  </TodoStyled>
  <Button
    className="float-right"
    danger={true}
  >
    Delete
  </Button>
</div>
`;
